// Vitest Snapshot v1

exports[`Test PostController E2E > GET /posts 1`] = `
{
  "data": [
    {
      "slug": "test1",
      "text": "test1",
      "title": "test1",
    },
    {
      "slug": "test2",
      "text": "test2",
      "title": "test2",
    },
  ],
  "pagination": {
    "current_page": 1,
    "has_next_page": false,
    "has_prev_page": false,
    "size": 10,
    "total": 2,
    "total_page": 1,
  },
}
`;
